// Jest Snapshot v1, https://goo.gl/fbAQLP

exports[`Should render the login page correctly 1`] = `
<div
  className="login"
>
  <button>
    Login
  </button>
</div>
`;
